[FLM]  Using user-specified port: 58603
[FLM]  Loading model: /home/noams/.config/flm/models/Gemma4-E4B-IT-NPU2
[FLM]  Starting server on port 58603...
[🔗 ]  TCP connection established - Remote: 127.0.0.1:56272
[FLM]  WebServer started on port 58603 with 10 I/O threads
[FLM]  Press Ctrl+C to stop.
[TCP]  Read 90 bytes from socket
================================================
[⬇️ ]  Incoming Request: GET
[LOG]  Time stamp: 18:08:46 09:28:2026
[LOG]  Target: /api/version
[LOG]  Version: 11
[LOG]  Keep-Alive: 1
================================================
[🔒 ]  TCP connection closed - Remote: 127.0.0.1:56272
[🔗 ]  TCP connection established - Remote: 127.0.0.1:56274
[TCP]  Read 268 bytes from socket
================================================
[⬇️ ]  Incoming Request: POST
[LOG]  Time stamp: 18:08:46 09:28:2026
[LOG]  Target: /api/chat
[LOG]  Version: 11
[LOG]  Keep-Alive: 1
[LOG]  Body: 
{
    "messages": [
        {
            "content": "Say hi.",
            "role": "user"
        }
    ],
    "model": "gemma4-it:e4b",
    "options": {
        "num_predict": 1
    },
    "stream": false,
    "top_k": 1
}
[🟢 ]  NPU Locked!
[FLM]  Start generating...
[FLM]  Total images: 0
[FLM]  Prefill chunk 1/1 with 12 tokens
[31m[FLM]  Creating checkpoint at context length 12[0m
[31m[FLM]  Restoring checkpoint at context length 12[0m
[31m[FLM]  Checkpoint before generation: 12, restore point: 12, user context length: 12[0m

[FLM]  Model RAW Output: 
Hi!
[🔵 ]  NPU Lock Released!
================================================
[🔒 ]  TCP connection closed - Remote: 127.0.0.1:56274
[🔗 ]  TCP connection established - Remote: 127.0.0.1:56280
[TCP]  Read 296 bytes from socket
================================================
[⬇️ ]  Incoming Request: POST
[LOG]  Time stamp: 18:08:47 09:28:2026
[LOG]  Target: /api/generate
[LOG]  Version: 11
[LOG]  Keep-Alive: 1
[LOG]  Body: 
{
    "max_tokens": 512,
    "model": "gemma4-it:e4b",
    "prompt": "Write a detailed essay of at least 2000 words on the history of the printing press.",
    "stream": true
}
[🟢 ]  NPU Locked!
[FLM]  Start generating...
[FLM]  Prefill chunk 1/1 with 30 tokens

[FLM]  Model RAW Output: 
## The Unfolding Page: A History of the Printing Press and the Transformation of Human Civilization

The history of human civilization is inextricably linked to the ability to store, disseminate, and share knowledge. Before the advent of mechanical reproduction, information was a painstakingly crafted artifact—a manuscript laboriously copied by scribes in monasteries or scriptoriums. Books were luxuries, repositories of elite learning, accessible only to the wealthy and the powerful. The slow drip-feed of human thought across generations was governed by the speed and endurance of the human hand. This paradigm, however, was destined for a seismic shift.

The invention and subsequent evolution of the printing press did not merely improve efficiency; it fundamentally rewired the cognitive, social, political, and economic structures of human society. It democratized knowledge, fueled revolutions in science and religion, standardized languages, accelerated globalization (in its nascent form), and laid the groundwork for modern mass media. The story of the printing press is not just a technological narrative; it is a grand epic about the acceleration of consciousness itself—the moment humanity gained an unprecedented tool for self-education and collective transformation.

To trace this history is to chart a course from ancient, rudimentary methods to Gutenberg’s revolutionary innovation, through the industrialization of print, and into the digital age that has ultimately superseded it while remaining indebted to its legacy. This essay will explore this trajectory in detail, examining the pre-print technologies, the pivotal moment of movable type in Europe, its subsequent global adaptations and industrial scaling, and finally, its enduring philosophical impact on modernity.

### I. The Dawn of Reproduction: Precursors to Print (Antiquity to Medieval Period)

Before Johannes Gutenberg perfected his system around 1450, the concept of mass textual reproduction existed in various forms across different cultures. These early methods were characterized by manual labor or rudimentary mechanical aids, but they established the fundamental human desire for reproducible text.

In ancient Mesopotamia and Egypt, scribes employed papyrus and clay tablets. While these were not "printing" in the modern sense—they involved inscription rather than mass duplication—they represented the earliest attempts to standardize record-keeping and knowledge preservation outside of oral tradition. The development of cuneiform and hieroglyphs established complex systems of symbolic representation that demanded efficient methods for their transmission.

The most significant early technological leap, however, came from East Asia. China developed woodblock printing centuries before Europe conceived of movable type. During the Tang Dynasty (7th–10th centuries CE), artisans began carving entire pages onto
[31m[FLM]  Creating checkpoint at context length 542[0m
[🔒 ]  Closing TCP connection (streaming, non-keep-alive)
[🔵 ]  NPU Lock Released!
[🔗 ]  TCP connection established - Remote: 127.0.0.1:50416
[TCP]  Read 297 bytes from socket
================================================
[⬇️ ]  Incoming Request: POST
[LOG]  Time stamp: 18:09:26 09:28:2026
[LOG]  Target: /api/generate
[LOG]  Version: 11
[LOG]  Keep-Alive: 1
[LOG]  Body: 
{
    "max_tokens": 512,
    "model": "gemma4-it:e4b",
    "prompt": "Write a detailed essay of at least 2000 words on the history of the printing press.",
    "stream": false
}
[🟢 ]  NPU Locked!
[FLM]  Start generating...
[FLM]  Conversation context diverged from cache, clearing context...
[FLM]  Prefill chunk 1/1 with 30 tokens

[FLM]  Model RAW Output: 
## The Unfolding Page: A History of the Printing Press and the Transformation of Human Civilization

The history of human civilization is inextricably linked to the ability to store, disseminate, and share knowledge. Before the advent of mechanical reproduction, information was a painstakingly crafted artifact—a manuscript laboriously copied by scribes in monasteries or scriptoriums. Books were luxuries, repositories of elite learning, accessible only to the wealthy and the powerful. The slow drip-feed of human thought across generations was governed by the speed and endurance of the human hand. This paradigm, however, was destined for a seismic shift.

The invention and subsequent evolution of the printing press did not merely improve efficiency; it fundamentally rewired the cognitive, social, political, and economic structures of human society. It democratized knowledge, fueled revolutions in science and religion, standardized languages, accelerated globalization (in its nascent form), and laid the groundwork for modern mass media. The story of the printing press is not just a technological narrative; it is a grand epic about the acceleration of consciousness itself—the moment humanity gained an unprecedented tool for self-education and collective transformation.

To trace this history is to chart a course from ancient, rudimentary methods to Gutenberg’s revolutionary innovation, through the industrialization of print, and into the digital age that has ultimately superseded it while remaining indebted to its legacy. This essay will explore this trajectory in detail, examining the pre-print technologies, the pivotal moment of movable type in Europe, its subsequent global adaptations and industrial scaling, and finally, its enduring philosophical impact on modernity.

### I. The Dawn of Reproduction: Precursors to Print (Antiquity to Medieval Period)

Before Johannes Gutenberg perfected his system around 1450, the concept of mass textual reproduction existed in various forms across different cultures. These early methods were characterized by manual labor or rudimentary mechanical aids, but they established the fundamental human desire for reproducible text.

In ancient Mesopotamia and Egypt, scribes employed papyrus and clay tablets. While these were not "printing" in the modern sense—they involved inscription rather than mass duplication—they represented the earliest attempts to standardize record-keeping and knowledge preservation outside of oral tradition. The development of cuneiform and hieroglyphs established complex systems of symbolic representation that demanded efficient methods for their transmission.

The most significant early technological leap, however, came from East Asia. China developed woodblock printing centuries before Europe conceived of movable type. During the Tang Dynasty (7th–10th centuries CE), artisans began carving entire pages onto
[31m[FLM]  Creating checkpoint at context length 542[0m
[🔵 ]  NPU Lock Released!
================================================
[🔒 ]  TCP connection closed - Remote: 127.0.0.1:50416
