[FLM]  Using user-specified port: 58603
[FLM]  Loading model: /home/noams/.config/flm/models/Gemma4-E4B-IT-NPU2
[FLM]  Starting server on port 58603...
[🔗 ]  TCP connection established - Remote: 127.0.0.1:53204
[FLM]  WebServer started on port 58603 with 10 I/O threads
[FLM]  Press Ctrl+C to stop.
[TCP]  Read 90 bytes from socket
================================================
[⬇️ ]  Incoming Request: GET
[LOG]  Time stamp: 14:04:49 09:28:2026
[LOG]  Target: /api/version
[LOG]  Version: 11
[LOG]  Keep-Alive: 1
================================================
[🔒 ]  TCP connection closed - Remote: 127.0.0.1:53204
[🔗 ]  TCP connection established - Remote: 127.0.0.1:53220
[TCP]  Read 288 bytes from socket
================================================
[⬇️ ]  Incoming Request: POST
[LOG]  Time stamp: 14:04:49 09:28:2026
[LOG]  Target: /api/chat
[LOG]  Version: 11
[LOG]  Keep-Alive: 1
[LOG]  Body: 
{
    "messages": [
        {
            "content": "Name three...ry colors.",
            "role": "user"
        }
    ],
    "model": "gemma4-it:e4b",
    "options": {
        "num_predict": 64
    },
    "stream": false,
    "top_k": 1
}
[🟢 ]  NPU Locked!
[FLM]  Start generating...
[FLM]  Total images: 0
[FLM]  Prefill chunk 1/1 with 14 tokens
[31m[FLM]  Creating checkpoint at context length 14[0m
[31m[FLM]  Restoring checkpoint at context length 14[0m
[31m[FLM]  Checkpoint before generation: 14, restore point: 14, user context length: 14[0m

[FLM]  Model RAW Output: 
The three primary colors are **red**, **yellow**, and **blue**.
[🔵 ]  NPU Lock Released!
================================================
[🔒 ]  TCP connection closed - Remote: 127.0.0.1:53220
[🔗 ]  TCP connection established - Remote: 127.0.0.1:53232
[TCP]  Read 288 bytes from socket
================================================
[⬇️ ]  Incoming Request: POST
[LOG]  Time stamp: 14:04:51 09:28:2026
[LOG]  Target: /api/chat
[LOG]  Version: 11
[LOG]  Keep-Alive: 1
[LOG]  Body: 
{
    "messages": [
        {
            "content": "Name three...ry colors.",
            "role": "user"
        }
    ],
    "model": "gemma4-it:e4b",
    "options": {
        "num_predict": 64
    },
    "stream": false,
    "top_k": 1
}
[🟢 ]  NPU Locked!
[FLM]  Start generating...
[FLM]  Total images: 0
[FLM]  Prefill chunk 1/1 with 14 tokens
[31m[FLM]  Creating checkpoint at context length 14[0m
[31m[FLM]  Restoring checkpoint at context length 14[0m
[31m[FLM]  Checkpoint before generation: 14, restore point: 14, user context length: 14[0m

[FLM]  Model RAW Output: 
The three primary colors are **red**, **yellow**, and **blue**.
[🔵 ]  NPU Lock Released!
================================================
[🔒 ]  TCP connection closed - Remote: 127.0.0.1:53232
