1790666461.502	[FLM]  Using user-specified port: 58605
1790666462.016	[FLM]  Loading model: ~/.config/flm/models/Gemma4-E4B-IT-NPU2
1790666466.032	[FLM]  Starting server on port 58605...
1790666466.032	[🔗 ]  TCP connection established - Remote: 127.0.0.1:32884
1790666466.032	[FLM]  WebServer started on port 58605 with 10 I/O threads
1790666466.032	[FLM]  Press Ctrl+C to stop.
1790666466.033	[TCP]  Read 90 bytes from socket
1790666466.033	================================================
1790666466.033	[⬇️ ]  Incoming Request: GET
1790666466.033	[LOG]  Time stamp: 10:21:06 09:29:2026
1790666466.033	[LOG]  Target: /api/version
1790666466.033	[LOG]  Version: 11
1790666466.033	[LOG]  Keep-Alive: 1
1790666466.033	================================================
1790666466.033	[🔒 ]  TCP connection closed - Remote: 127.0.0.1:32884
1790666466.065	[🔗 ]  TCP connection established - Remote: 127.0.0.1:32900
1790666466.065	[TCP]  Read 352 bytes from socket
1790666466.065	================================================
1790666466.065	[⬇️ ]  Incoming Request: POST
1790666466.065	[LOG]  Time stamp: 10:21:06 09:29:2026
1790666466.065	[LOG]  Target: /api/chat
1790666466.065	[LOG]  Version: 11
1790666466.065	[LOG]  Keep-Alive: 1
1790666466.065	[LOG]  Body: 
1790666466.065	{
1790666466.065	    "messages": [
1790666466.065	        {
1790666466.065	            "content": "Write a de...ing press.",
1790666466.065	            "role": "user"
1790666466.065	        }
1790666466.065	    ],
1790666466.065	    "model": "gemma4e-flash:e4b",
1790666466.065	    "options": {
1790666466.065	        "num_predict": 512
1790666466.065	    },
1790666466.065	    "stream": false,
1790666466.065	    "top_k": 1
1790666466.065	}
1790666466.065	[🟢 ]  NPU Locked!
1790666466.065	[FLM]  Start generating...
1790666466.074	[FLM]  Total images: 0
1790666466.074	[FLM]  Prefill chunk 1/1 with 30 tokens
1790666504.628	
1790666504.628	[FLM]  Model RAW Output: 
1790666504.628	## The Unfolding Page: A History of the Printing Press and the Transformation of Human Civilization
1790666504.628	
1790666504.628	The history of human civilization is inextricably linked to the ability to store, disseminate, and share knowledge. Before the advent of mechanical reproduction, information was a painstakingly crafted artifact—a manuscript laboriously copied by scribes in monasteries or scriptoriums. Books were luxuries, repositories of elite wisdom accessible only to the privileged few. The slow drip-feed of human thought across generations was governed by the speed and endurance of the human hand. This paradigm, however, shattered with the invention and refinement of the printing press.
1790666504.628	
1790666504.628	The printing press is not merely a technological innovation; it is arguably one of the most profound inflection points in human history. It acted as an accelerant for social change, democratizing knowledge, fueling religious upheaval, standardizing languages, enabling scientific revolutions, and ultimately laying the groundwork for modern mass communication and industrial society. To trace its history is to chart the trajectory of modernity itself—a journey from painstaking artisanal craft to mechanized global information flow.
1790666504.628	
1790666504.628	### I. The Precursors: Early Methods of Reproduction (Antiquity to Medieval Period)
1790666504.628	
1790666504.628	Before Gutenberg, various cultures experimented with methods designed to multiply texts, each representing a localized solution to the problem of scarcity and labor intensity. These early efforts established the fundamental concept that reproduction could be systematized, even if not yet mechanized in the modern sense.
1790666504.628	
1790666504.628	In ancient Mesopotamia and Egypt, rudimentary forms of stamping and carving were used for administrative records. However, true textual mass production remained elusive until more sophisticated techniques emerged in Asia. The development of woodblock printing (xylography) is perhaps the most significant early precursor to the European press. In China, as far back as the Tang Dynasty (7th-10th centuries CE), woodblocks were carved with text and images, inked, and pressed onto paper or silk. These blocks were then used repeatedly to print entire pages or books.
1790666504.628	
1790666504.628	Similarly, in Korea during the Goryeo Dynasty (10th-14th centuries), metal movable type was developed—a technological feat that predated Gutenberg’s system by centuries. While these early Asian presses utilized different scripts (Chinese characters and Korean Hangul), they proved the viability of reusable, standardized printing components.
1790666504.628	
1790666504.628	In Europe during the Middle Ages, scribal culture dominated. Monasteries served as vital centers of learning, painstakingly copying classical texts and religious doctrines onto vellum or parchment. This process was slow, prone to human error (leading to textual drift), and inherently exclusive due to the
1790666504.637	[🔵 ]  NPU Lock Released!
1790666504.637	================================================
1790666504.637	[🔒 ]  TCP connection closed - Remote: 127.0.0.1:32900
1790666504.679	[🔗 ]  TCP connection established - Remote: 127.0.0.1:36378
1790666504.680	[TCP]  Read 352 bytes from socket
1790666504.680	================================================
1790666504.680	[⬇️ ]  Incoming Request: POST
1790666504.680	[LOG]  Time stamp: 10:21:44 09:29:2026
1790666504.680	[LOG]  Target: /api/chat
1790666504.680	[LOG]  Version: 11
1790666504.680	[LOG]  Keep-Alive: 1
1790666504.680	[LOG]  Body: 
1790666504.680	{
1790666504.680	    "messages": [
1790666504.680	        {
1790666504.680	            "content": "Write a de...ing press.",
1790666504.680	            "role": "user"
1790666504.680	        }
1790666504.680	    ],
1790666504.680	    "model": "gemma4e-flash:e4b",
1790666504.680	    "options": {
1790666504.680	        "num_predict": 512
1790666504.680	    },
1790666504.680	    "stream": false,
1790666504.680	    "top_k": 1
1790666504.680	}
1790666504.680	[🟢 ]  NPU Locked!
1790666504.680	[FLM]  Start generating...
1790666504.690	[FLM]  Total images: 0
1790666504.690	[FLM]  Prefill chunk 1/1 with 30 tokens
1790666506.680	[🔴 ]  Client disconnected; cancelling active request
1790666506.680	[🔗 ]  TCP connection established - Remote: 127.0.0.1:36388
1790666506.680	[TCP]  Read 274 bytes from socket
1790666506.680	================================================
1790666506.680	[⬇️ ]  Incoming Request: POST
1790666506.681	[LOG]  Time stamp: 10:21:46 09:29:2026
1790666506.681	[LOG]  Target: /api/chat
1790666506.681	[LOG]  Version: 11
1790666506.681	[LOG]  Keep-Alive: 1
1790666506.681	[LOG]  Body: 
1790666506.681	{
1790666506.681	    "messages": [
1790666506.681	        {
1790666506.681	            "content": "Say hi.",
1790666506.681	            "role": "user"
1790666506.681	        }
1790666506.681	    ],
1790666506.681	    "model": "gemma4e-flash:e4b",
1790666506.681	    "options": {
1790666506.681	        "num_predict": 4
1790666506.681	    },
1790666506.681	    "stream": false,
1790666506.681	    "top_k": 1
1790666506.681	}
1790666506.681	[🕒 ]  NPU busy, request queued (1/10): POST /api/chat
1790666543.249	
1790666543.249	[FLM]  Model RAW Output: 
1790666543.249	## The Unfolding Page: A History of the Printing Press and the Transformation of Human Civilization
1790666543.249	
1790666543.249	The history of human civilization is inextricably linked to the ability to store, disseminate, and share knowledge. Before the advent of mechanical reproduction, information was a painstakingly crafted artifact—a manuscript laboriously copied by scribes in monasteries or scriptoriums. Books were luxuries, repositories of elite wisdom accessible only to the privileged few. The slow drip-feed of human thought across generations was governed by the speed and endurance of the human hand. This paradigm, however, shattered with the invention and refinement of the printing press.
1790666543.249	
1790666543.249	The printing press is not merely a technological innovation; it is arguably one of the most profound inflection points in human history. It acted as an accelerant for social change, democratizing knowledge, fueling religious upheaval, standardizing languages, enabling scientific revolutions, and ultimately laying the groundwork for modern mass communication and industrial society. To trace its history is to chart the trajectory of modernity itself—a journey from painstaking artisanal craft to mechanized global information flow.
1790666543.249	
1790666543.249	### I. The Precursors: Early Methods of Reproduction (Antiquity to Medieval Period)
1790666543.249	
1790666543.249	Before Gutenberg, various cultures experimented with methods designed to multiply texts, each representing a localized solution to the problem of scarcity and labor intensity. These early efforts established the fundamental concept that reproduction could be systematized, even if not yet mechanized in the modern sense.
1790666543.249	
1790666543.249	In ancient Mesopotamia and Egypt, rudimentary forms of stamping and carving were used for administrative records. However, true textual mass production remained elusive until more sophisticated techniques emerged in Asia. The development of woodblock printing (xylography) is perhaps the most significant early precursor to the European press. In China, as far back as the Tang Dynasty (7th-10th centuries CE), woodblocks were carved with text and images, inked, and pressed onto paper or silk. These blocks were then used repeatedly to print entire pages or books.
1790666543.249	
1790666543.249	Similarly, in Korea during the Goryeo Dynasty (10th-14th centuries), metal movable type was developed—a technological feat that predated Gutenberg’s system by centuries. While these early Asian presses utilized different scripts (Chinese characters and Korean Hangul), they proved the viability of reusable, standardized printing components.
1790666543.249	
1790666543.249	In Europe during the Middle Ages, scribal culture dominated. Monasteries served as vital centers of learning, painstakingly copying classical texts and religious doctrines onto vellum or parchment. This process was slow, prone to human error (leading to textual drift), and inherently exclusive due to the
1790666543.591	[🟡 ]  Dequeuing NPU request (0 remaining)...
1790666543.591	================================================
1790666543.591	[FLM]  Start generating...
1790666543.592	[🔒 ]  TCP connection closed - Remote endpoint unavailable
1790666543.601	[FLM]  Total images: 0
1790666543.601	[FLM]  Prefill chunk 1/1 with 12 tokens
1790666544.206	
1790666544.206	[FLM]  Model RAW Output: 
1790666544.206	Hi! How can I
1790666544.206	================================================
1790666544.206	[🔒 ]  TCP connection closed - Remote: 127.0.0.1:36388
1790666544.215	[🔵 ]  NPU Lock Released!
1790666545.276	[🔗 ]  TCP connection established - Remote: 127.0.0.1:56368
1790666545.276	[TCP]  Read 352 bytes from socket
1790666545.276	================================================
1790666545.276	[⬇️ ]  Incoming Request: POST
1790666545.276	[LOG]  Time stamp: 10:22:25 09:29:2026
1790666545.276	[LOG]  Target: /api/chat
1790666545.276	[LOG]  Version: 11
1790666545.276	[LOG]  Keep-Alive: 1
1790666545.276	[LOG]  Body: 
1790666545.276	{
1790666545.276	    "messages": [
1790666545.276	        {
1790666545.276	            "content": "Write a de...ing press.",
1790666545.276	            "role": "user"
1790666545.276	        }
1790666545.276	    ],
1790666545.276	    "model": "gemma4e-flash:e4b",
1790666545.276	    "options": {
1790666545.276	        "num_predict": 512
1790666545.276	    },
1790666545.276	    "stream": false,
1790666545.276	    "top_k": 1
1790666545.276	}
1790666545.276	[🟢 ]  NPU Locked!
1790666545.276	[FLM]  Start generating...
1790666545.286	[FLM]  Total images: 0
1790666545.286	[FLM]  Prefill chunk 1/1 with 30 tokens
1790666545.775	[🔗 ]  TCP connection established - Remote: 127.0.0.1:56372
1790666545.775	[TCP]  Read 352 bytes from socket
1790666545.775	================================================
1790666545.775	[⬇️ ]  Incoming Request: POST
1790666545.775	[LOG]  Time stamp: 10:22:25 09:29:2026
1790666545.775	[LOG]  Target: /api/chat
1790666545.775	[LOG]  Version: 11
1790666545.775	[LOG]  Keep-Alive: 1
1790666545.775	[LOG]  Body: 
1790666545.775	{
1790666545.775	    "messages": [
1790666545.775	        {
1790666545.775	            "content": "Write a de...ing press.",
1790666545.775	            "role": "user"
1790666545.775	        }
1790666545.775	    ],
1790666545.775	    "model": "gemma4e-flash:e4b",
1790666545.775	    "options": {
1790666545.775	        "num_predict": 512
1790666545.775	    },
1790666545.775	    "stream": false,
1790666545.775	    "top_k": 1
1790666545.775	}
1790666545.775	[🕒 ]  NPU busy, request queued (1/10): POST /api/chat
1790666546.076	[🔗 ]  TCP connection established - Remote: 127.0.0.1:56378
1790666546.077	[TCP]  Read 274 bytes from socket
1790666546.077	================================================
1790666546.077	[⬇️ ]  Incoming Request: POST
1790666546.077	[LOG]  Time stamp: 10:22:26 09:29:2026
1790666546.077	[LOG]  Target: /api/chat
1790666546.077	[LOG]  Version: 11
1790666546.077	[LOG]  Keep-Alive: 1
1790666546.077	[LOG]  Body: 
1790666546.077	{
1790666546.077	    "messages": [
1790666546.077	        {
1790666546.077	            "content": "Say hi.",
1790666546.077	            "role": "user"
1790666546.077	        }
1790666546.077	    ],
1790666546.077	    "model": "gemma4e-flash:e4b",
1790666546.077	    "options": {
1790666546.077	        "num_predict": 4
1790666546.077	    },
1790666546.077	    "stream": false,
1790666546.077	    "top_k": 1
1790666546.077	}
1790666546.077	[🕒 ]  NPU busy, request queued (2/10): POST /api/chat
1790666583.830	
1790666583.830	[FLM]  Model RAW Output: 
1790666583.830	## The Unfolding Page: A History of the Printing Press and the Transformation of Human Civilization
1790666583.830	
1790666583.830	The history of human civilization is inextricably linked to the ability to store, disseminate, and share knowledge. Before the advent of mechanical reproduction, information was a painstakingly crafted artifact—a manuscript laboriously copied by scribes in monasteries or scriptoriums. Books were luxuries, repositories of elite wisdom accessible only to the privileged few. The slow drip-feed of human thought across generations was governed by the speed and endurance of the human hand. This paradigm, however, shattered with the invention and refinement of the printing press.
1790666583.830	
1790666583.830	The printing press is not merely a technological innovation; it is arguably one of the most profound inflection points in human history. It acted as an accelerant for social change, democratizing knowledge, fueling religious upheaval, standardizing languages, enabling scientific revolutions, and ultimately laying the groundwork for modern mass communication and industrial society. To trace its history is to chart the trajectory of modernity itself—a journey from painstaking artisanal craft to mechanized global information flow.
1790666583.830	
1790666583.830	### I. The Precursors: Early Methods of Reproduction (Antiquity to Medieval Period)
1790666583.830	
1790666583.830	Before Gutenberg, various cultures experimented with methods designed to multiply texts, each representing a localized solution to the problem of scarcity and labor intensity. These early efforts established the fundamental concept that reproduction could be systematized, even if not yet mechanized in the modern sense.
1790666583.830	
1790666583.830	In ancient Mesopotamia and Egypt, rudimentary forms of stamping and carving were used for administrative records. However, true textual mass production remained elusive until more sophisticated techniques emerged in Asia. The development of woodblock printing (xylography) is perhaps the most significant early precursor to the European press. In China, as far back as the Tang Dynasty (7th-10th centuries CE), woodblocks were carved with text and images, inked, and pressed onto paper or silk. These blocks were then used repeatedly to print entire pages or books.
1790666583.830	
1790666583.830	Similarly, in Korea during the Goryeo Dynasty (10th-14th centuries), metal movable type was developed—a technological feat that predated Gutenberg’s system by centuries. While these early Asian presses utilized different scripts (Chinese characters and Korean Hangul), they proved the viability of reusable, standardized printing components.
1790666583.830	
1790666583.830	In Europe during the Middle Ages, scribal culture dominated. Monasteries served as vital centers of learning, painstakingly copying classical texts and religious doctrines onto vellum or parchment. This process was slow, prone to human error (leading to textual drift), and inherently exclusive due to the
1790666584.175	[🟡 ]  Dequeuing NPU request (1 remaining)...
1790666584.175	================================================
1790666584.175	[🔴 ]  Client disconnected; cancelling active request
1790666584.175	[FLM]  Start generating...
1790666584.175	[🔒 ]  TCP connection closed - Remote: 127.0.0.1:56368
1790666584.183	[FLM]  Total images: 0
1790666584.183	[FLM]  Prefill chunk 1/1 with 30 tokens
1790666622.691	
1790666622.691	[FLM]  Model RAW Output: 
1790666622.691	## The Unfolding Page: A History of the Printing Press and the Transformation of Human Civilization
1790666622.691	
1790666622.691	The history of human civilization is inextricably linked to the ability to store, disseminate, and share knowledge. Before the advent of mechanical reproduction, information was a painstakingly crafted artifact—a manuscript laboriously copied by scribes in monasteries or scriptoriums. Books were luxuries, repositories of elite wisdom accessible only to the privileged few. The slow drip-feed of human thought across generations was governed by the speed and endurance of the human hand. This paradigm, however, shattered with the invention and refinement of the printing press.
1790666622.691	
1790666622.691	The printing press is not merely a technological innovation; it is arguably one of the most profound inflection points in human history. It acted as an accelerant for social change, democratizing knowledge, fueling religious upheaval, standardizing languages, enabling scientific revolutions, and ultimately laying the groundwork for modern mass communication and industrial society. To trace its history is to chart the trajectory of modernity itself—a journey from painstaking artisanal craft to mechanized global information flow.
1790666622.691	
1790666622.691	### I. The Precursors: Early Methods of Reproduction (Antiquity to Medieval Period)
1790666622.691	
1790666622.691	Before Gutenberg, various cultures experimented with methods designed to multiply texts, each representing a localized solution to the problem of scarcity and labor intensity. These early efforts established the fundamental concept that reproduction could be systematized, even if not yet mechanized in the modern sense.
1790666622.691	
1790666622.691	In ancient Mesopotamia and Egypt, rudimentary forms of stamping and carving were used for administrative records. However, true textual mass production remained elusive until more sophisticated techniques emerged in Asia. The development of woodblock printing (xylography) is perhaps the most significant early precursor to the European press. In China, as far back as the Tang Dynasty (7th-10th centuries CE), woodblocks were carved with text and images, inked, and pressed onto paper or silk. These blocks were then used repeatedly to print entire pages or books.
1790666622.691	
1790666622.691	Similarly, in Korea during the Goryeo Dynasty (10th-14th centuries), metal movable type was developed—a technological feat that predated Gutenberg’s system by centuries. While these early Asian presses utilized different scripts (Chinese characters and Korean Hangul), they proved the viability of reusable, standardized printing components.
1790666622.691	
1790666622.691	In Europe during the Middle Ages, scribal culture dominated. Monasteries served as vital centers of learning, painstakingly copying classical texts and religious doctrines onto vellum or parchment. This process was slow, prone to human error (leading to textual drift), and inherently exclusive due to the
1790666622.691	================================================
1790666622.691	[🔒 ]  TCP connection closed - Remote endpoint unavailable
1790666623.033	[🟡 ]  Dequeuing NPU request (0 remaining)...
1790666623.033	[FLM]  Start generating...
1790666623.042	[FLM]  Total images: 0
1790666623.042	[FLM]  Prefill chunk 1/1 with 12 tokens
1790666623.639	
1790666623.639	[FLM]  Model RAW Output: 
1790666623.639	Hi! How can I
1790666623.639	================================================
1790666623.639	[🔒 ]  TCP connection closed - Remote: 127.0.0.1:56378
1790666623.647	[🔵 ]  NPU Lock Released!
