1790607670.640	[FLM]  Using user-specified port: 58603
1790607671.155	[FLM]  Loading model: /home/noams/.config/flm/models/Gemma4-E4B-IT-NPU2
1790607675.250	[FLM]  Starting server on port 58603...
1790607675.250	[🔗 ]  TCP connection established - Remote: 127.0.0.1:50524
1790607675.250	[FLM]  WebServer started on port 58603 with 10 I/O threads
1790607675.250	[FLM]  Press Ctrl+C to stop.
1790607675.250	[TCP]  Read 90 bytes from socket
1790607675.250	================================================
1790607675.250	[⬇️ ]  Incoming Request: GET
1790607675.250	[LOG]  Time stamp: 18:01:15 09:28:2026
1790607675.250	[LOG]  Target: /api/version
1790607675.250	[LOG]  Version: 11
1790607675.250	[LOG]  Keep-Alive: 1
1790607675.250	================================================
1790607675.250	[🔒 ]  TCP connection closed - Remote: 127.0.0.1:50524
1790607675.275	[🔗 ]  TCP connection established - Remote: 127.0.0.1:41852
1790607675.275	[TCP]  Read 307 bytes from socket
1790607675.275	================================================
1790607675.275	[⬇️ ]  Incoming Request: POST
1790607675.275	[LOG]  Time stamp: 18:01:15 09:28:2026
1790607675.275	[LOG]  Target: /v1/completions
1790607675.275	[LOG]  Version: 11
1790607675.275	[LOG]  Keep-Alive: 1
1790607675.275	[LOG]  Body: 
1790607675.275	{
1790607675.275	    "max_tokens": 512,
1790607675.275	    "model": "gemma4-it:e4b",
1790607675.275	    "prompt": "Write a detailed essay of at least 2000 words on the history of the printing press.",
1790607675.275	    "stream": false,
1790607675.275	    "top_k": 1
1790607675.275	}
1790607675.275	[FLM]  Start generating...
1790607675.275	[FLM]  Prefill chunk 1/1 with 30 tokens
1790607714.469	
1790607714.469	[FLM]  Model RAW Output: 
1790607714.469	## The Unfolding Page: A History of the Printing Press and the Transformation of Human Civilization
1790607714.469	
1790607714.469	The history of human civilization is inextricably linked to the ability to store, disseminate, and share knowledge. Before the advent of mechanical reproduction, information was a painstakingly crafted artifact—a manuscript laboriously copied by scribes in monasteries or scriptoriums. Books were luxuries, repositories of elite learning, accessible only to the wealthy and the powerful. The slow drip-feed of human thought across generations was governed by the speed and endurance of the human hand. This paradigm, however, was destined for a seismic shift.
1790607714.469	
1790607714.469	The invention and subsequent evolution of the printing press did not merely improve efficiency; it fundamentally rewired the cognitive, social, political, and economic structures of human society. It democratized knowledge, fueled revolutions in science and religion, standardized languages, accelerated globalization (in its nascent form), and laid the groundwork for modern mass media. The story of the printing press is not just a technological narrative; it is a grand epic about the acceleration of consciousness itself—the moment humanity gained an unprecedented tool for self-education and collective transformation.
1790607714.469	
1790607714.469	To trace this history is to chart a course from ancient, rudimentary methods to Gutenberg’s revolutionary innovation, through the industrialization of print, and into the digital age that has ultimately superseded it while remaining indebted to its legacy. This essay will explore this trajectory in detail, examining the pre-print technologies, the pivotal moment of movable type in Europe, its subsequent global adaptations and industrial scaling, and finally, its enduring philosophical impact on modernity.
1790607714.469	
1790607714.469	### I. The Dawn of Reproduction: Precursors to Print (Antiquity to Medieval Period)
1790607714.469	
1790607714.469	Before Johannes Gutenberg perfected his system around 1450, the concept of mass textual reproduction existed in various forms across different cultures. These early methods were characterized by manual labor or rudimentary mechanical aids, but they established the fundamental human desire for reproducible text.
1790607714.469	
1790607714.469	In ancient Mesopotamia and Egypt, scribes employed papyrus and clay tablets. While these were not "printing" in the modern sense—they involved inscription rather than mass duplication—they represented the earliest attempts to standardize record-keeping and knowledge preservation outside of oral tradition. The development of cuneiform and hieroglyphs established complex systems of symbolic representation that demanded efficient methods for their transmission.
1790607714.469	
1790607714.469	The most significant early technological leap, however, came from East Asia. China developed woodblock printing centuries before Europe conceived of movable type. During the Tang Dynasty (7th–10th centuries CE), artisans began carving entire pages onto
1790607714.472	[31m[FLM]  Creating checkpoint at context length 542[0m
1790607714.474	================================================
1790607714.474	[🔒 ]  TCP connection closed - Remote: 127.0.0.1:41852
1790607714.506	[🔗 ]  TCP connection established - Remote: 127.0.0.1:56392
1790607714.507	[TCP]  Read 307 bytes from socket
1790607714.507	================================================
1790607714.507	[⬇️ ]  Incoming Request: POST
1790607714.507	[LOG]  Time stamp: 18:01:54 09:28:2026
1790607714.507	[LOG]  Target: /v1/completions
1790607714.507	[LOG]  Version: 11
1790607714.507	[LOG]  Keep-Alive: 1
1790607714.507	[LOG]  Body: 
1790607714.507	{
1790607714.507	    "max_tokens": 512,
1790607714.507	    "model": "gemma4-it:e4b",
1790607714.507	    "prompt": "Write a detailed essay of at least 2000 words on the history of the printing press.",
1790607714.507	    "stream": false,
1790607714.507	    "top_k": 1
1790607714.507	}
1790607714.507	[FLM]  Start generating...
1790607714.507	[FLM]  Conversation context diverged from cache, clearing context...
1790607714.539	[FLM]  Prefill chunk 1/1 with 30 tokens
1790607716.507	[🔴 ]  Client disconnected; cancelling active request
1790607716.567	
1790607716.567	[FLM]  Model RAW Output: 
1790607716.567	## The Unfolding Page: A History of the Printing Press and
1790607716.567	[31m[FLM]  Creating checkpoint at context length 42[0m
1790607716.568	[❌ ]  Generation Cancelled!
1790607716.568	================================================
1790607716.569	[🔒 ]  TCP connection closed - Remote endpoint unavailable
