1790668438.358	[FLM]  Using user-specified port: 58612
1790668438.876	[FLM]  Loading model: ~/.config/flm/models/Gemma4-E4B-IT-NPU2
1790668442.959	[FLM]  Starting server on port 58612...
1790668442.959	[🔗 ]  TCP connection established - Remote: 127.0.0.1:59644
1790668442.959	[FLM]  WebServer started on port 58612 with 10 I/O threads
1790668442.959	[FLM]  Press Ctrl+C to stop.
1790668442.959	[TCP]  Read 90 bytes from socket
1790668442.959	================================================
1790668442.959	[⬇️ ]  Incoming Request: GET
1790668442.959	[LOG]  Time stamp: 10:54:02 09:29:2026
1790668442.959	[LOG]  Target: /api/version
1790668442.959	[LOG]  Version: 11
1790668442.959	[LOG]  Keep-Alive: 1
1790668442.959	================================================
1790668442.960	[🔒 ]  TCP connection closed - Remote: 127.0.0.1:59644
1790668442.968	[🔗 ]  TCP connection established - Remote: 127.0.0.1:56784
1790668442.968	[TCP]  Read 323 bytes from socket
1790668442.968	================================================
1790668442.968	[⬇️ ]  Incoming Request: POST
1790668442.968	[LOG]  Time stamp: 10:54:02 09:29:2026
1790668442.968	[LOG]  Target: /api/chat
1790668442.968	[LOG]  Version: 11
1790668442.968	[LOG]  Keep-Alive: 1
1790668442.968	[LOG]  Body: 
1790668442.968	{
1790668442.968	    "messages": [
1790668442.968	        {
1790668442.968	            "content": "Explain in...tem works.",
1790668442.968	            "role": "user"
1790668442.968	        }
1790668442.968	    ],
1790668442.968	    "model": "gemma4-it:e4b",
1790668442.968	    "options": {
1790668442.968	        "num_predict": 256
1790668442.968	    },
1790668442.968	    "stream": false,
1790668442.968	    "top_k": 1
1790668442.968	}
1790668442.968	[🟢 ]  NPU Locked!
1790668442.968	[FLM]  Start generating...
1790668442.968	[FLM]  Total images: 0
1790668442.968	[FLM]  Prefill chunk 1/1 with 21 tokens
1790668444.185	[31m[FLM]  Creating checkpoint at context length 21[0m
1790668444.186	[31m[FLM]  Restoring checkpoint at context length 21[0m
1790668444.218	[31m[FLM]  Checkpoint before generation: 21, restore point: 21, user context length: 21[0m
1790668463.033	
1790668463.034	[FLM]  Model RAW Output: 
1790668463.034	A bicycle gear system, often referred to as a drivetrain, is essentially a mechanical transmission that allows the rider to change the ratio between how fast they pedal and how fast the bike moves. At its core, it consists of several key components: the **crankset** (the pedals and attached chainrings at the front), the **chain**, and one or more sets of **gears** (cogs) on the rear wheel. The function is to allow a rider to select different gear combinations—some that provide high speed with less effort, and others that allow for climbing steep hills with more leverage.
1790668463.034	
1790668463.034	The magic happens when you shift gears. When the rider changes the front chainring or moves the derailleur (the mechanism holding the rear cogs), they are changing which teeth on the chain engage. A smaller front chainring paired with a small rear cog creates a "harder" gear, requiring more force to turn but allowing for higher speeds once momentum is built up. Conversely, using a larger front ring with a large rear cog creates an "easier" gear, demanding less effort per pedal stroke and making it ideal for climbing hills or starting from a stop.
1790668463.034	
1790668463.034	In essence, the gear system acts like multiple speed settings on a car. By changing the ratio
1790668463.067	[🔵 ]  NPU Lock Released!
1790668463.067	================================================
1790668463.067	[🔒 ]  TCP connection closed - Remote: 127.0.0.1:56784
1790668463.077	[🔗 ]  TCP connection established - Remote: 127.0.0.1:55100
1790668463.077	[TCP]  Read 414 bytes from socket
1790668463.077	================================================
1790668463.077	[⬇️ ]  Incoming Request: POST
1790668463.077	[LOG]  Time stamp: 10:54:23 09:29:2026
1790668463.077	[LOG]  Target: /api/chat
1790668463.077	[LOG]  Version: 11
1790668463.077	[LOG]  Keep-Alive: 1
1790668463.077	[LOG]  Body: 
1790668463.077	{
1790668463.077	    "messages": [
1790668463.077	        {
1790668463.077	            "content": "My name is Ada.",
1790668463.077	            "role": "user"
1790668463.077	        },
1790668463.077	        {
1790668463.077	            "content": "Nice to me... you, Ada.",
1790668463.077	            "role": "assistant"
1790668463.077	        },
1790668463.077	        {
1790668463.077	            "content": "What is my...for a cat?",
1790668463.077	            "role": "user"
1790668463.077	        }
1790668463.077	    ],
1790668463.077	    "model": "gemma4-it:e4b",
1790668463.077	    "options": {
1790668463.077	        "num_predict": 256
1790668463.078	    },
1790668463.078	    "stream": false,
1790668463.078	    "top_k": 1
1790668463.078	}
1790668463.078	[🟢 ]  NPU Locked!
1790668463.078	[FLM]  Start generating...
1790668463.078	[FLM]  Total images: 0
1790668463.078	[FLM]  Prefill chunk 1/1 with 46 tokens
1790668464.262	[31m[FLM]  Creating checkpoint at context length 46[0m
1790668464.264	[31m[FLM]  Restoring checkpoint at context length 46[0m
1790668464.297	[31m[FLM]  Checkpoint before generation: 46, restore point: 46, user context length: 46[0m
1790668483.177	
1790668483.177	[FLM]  Model RAW Output: 
1790668483.177	Your name is **Ada**.
1790668483.177	
1790668483.177	As for a good name for a cat, that really depends on the *type* of cat you have (personality, appearance, etc.) and what kind of vibe you're going for! To give you the best suggestions, could you tell me anything about your cat? For example:
1790668483.177	
1790668483.177	* **Is it male or female?**
1790668483.177	* **What color is it?** (Black, orange/ginger, gray/blue, white?)
1790668483.177	* **What is its personality like?** (Playful, sleepy, mischievous, regal?)
1790668483.177	
1790668483.177	In the meantime, here are some suggestions broken down by style:
1790668483.177	
1790668483.177	### 🐾 Cute & Sweet Names
1790668483.177	* Mochi (Great for small or fluffy cats)
1790668483.177	* Pip / Pippin
1790668483.177	* Luna (Classic and popular)
1790668483.177	* Willow
1790668483.177	* Patches
1790668483.177	
1790668483.177	### ✨ Elegant & Regal Names (Good for beautiful or aloof cats)
1790668483.177	* Cleo (Short for Cleopatra)
1790668483.177	* Jasper
1790668483.177	* Oberon / Ophelia
1790668483.177	* Athena
1790668483.177	* Sterling
1790668483.177	
1790668483.177	### 😂 Funny & Quirky Names (For mischievous cats)
1790668483.177	* Waffles / Biscuit
1790668483.177	* Loki (If it's a little troublemaker!)
1790668483.177	* Chairman Meow (A bit long, but fun
1790668483.210	[🔵 ]  NPU Lock Released!
1790668483.210	================================================
1790668483.210	[🔒 ]  TCP connection closed - Remote: 127.0.0.1:55100
