1790607752.507	[FLM]  Using user-specified port: 58603
1790607753.022	[FLM]  Loading model: /home/noams/.config/flm/models/Gemma4-E4B-IT-NPU2
1790607757.082	[FLM]  Starting server on port 58603...
1790607757.082	[🔗 ]  TCP connection established - Remote: 127.0.0.1:55046
1790607757.082	[FLM]  WebServer started on port 58603 with 10 I/O threads
1790607757.082	[FLM]  Press Ctrl+C to stop.
1790607757.082	[TCP]  Read 90 bytes from socket
1790607757.082	================================================
1790607757.082	[⬇️ ]  Incoming Request: GET
1790607757.082	[LOG]  Time stamp: 18:02:37 09:28:2026
1790607757.082	[LOG]  Target: /api/version
1790607757.082	[LOG]  Version: 11
1790607757.082	[LOG]  Keep-Alive: 1
1790607757.082	================================================
1790607757.082	[🔒 ]  TCP connection closed - Remote: 127.0.0.1:55046
1790607757.107	[🔗 ]  TCP connection established - Remote: 127.0.0.1:55050
1790607757.107	[TCP]  Read 326 bytes from socket
1790607757.107	================================================
1790607757.107	[⬇️ ]  Incoming Request: POST
1790607757.107	[LOG]  Time stamp: 18:02:37 09:28:2026
1790607757.107	[LOG]  Target: /api/generate
1790607757.107	[LOG]  Version: 11
1790607757.107	[LOG]  Keep-Alive: 1
1790607757.107	[LOG]  Body: 
1790607757.107	{
1790607757.107	    "max_tokens": 512,
1790607757.107	    "model": "gemma4-it:e4b",
1790607757.107	    "options": {
1790607757.107	        "num_predict": 512
1790607757.107	    },
1790607757.107	    "prompt": "Write a detailed essay of at least 2000 words on the history of the printing press.",
1790607757.107	    "stream": false
1790607757.107	}
1790607757.107	[🟢 ]  NPU Locked!
1790607757.107	[FLM]  Start generating...
1790607757.107	[FLM]  Prefill chunk 1/1 with 30 tokens
1790607796.332	
1790607796.332	[FLM]  Model RAW Output: 
1790607796.332	## The Unbound Word: A History of the Printing Press and the Remaking of Humanity
1790607796.332	
1790607796.332	The history of human civilization is inextricably linked to the transmission, preservation, and proliferation of knowledge. Before widespread mechanical reproduction, learning resided in painstaking manuscripts—fragile relics copied by hand by dedicated scribes within monastic cells or aristocratic scriptoriums. Knowledge was scarce, painstakingly slow, and inherently exclusive. The democratization of information would not arrive until a technological leap shattered these constraints: the printing press. More than a mere mechanical improvement, the invention and evolution of movable-type printing represents one of humanity’s most profound epistemological shifts—the moment that transitioned society from an oral or scribal culture to a print culture.
1790607796.332	
1790607796.332	This essay will trace the history of the printing press, moving from its earliest conceptual roots in East Asia through the revolutionary arrival of Gutenberg’s mechanical system in Europe, and finally charting its subsequent adaptations into the mass media engine of the modern world. It is not merely a story of engineering; it is a chronicle of societal transformation—the fueling of religious reformation, the acceleration of scientific discovery, the birth of national identities, and ultimately, the forging of modern political consciousness.
1790607796.332	
1790607796.332	### I. Precursors to Print: The Dawn in East Asia
1790607796.332	
1790607796.332	The concept of mass replication predates Gutenberg by centuries, establishing that knowledge reproduction is not a singular European invention but a global phenomenon rooted in technological innovation. The earliest recognizable forms of printing emerged independently in China and Korea, providing vital context for understanding the mechanics that would later be adapted in the West.
1790607796.332	
1790607796.332	In China, block printing (xylography) developed rapidly during the Tang Dynasty (618–907 CE). Xylography involves carving an entire page—each character or image—into a single wooden block. This process is labor-intensive compared to movable type, as an entire page must be carved anew for each edition, but it proved that complex visual and textual information could be reliably reproduced beyond manual transcription. Early uses were primarily religious in nature, driven by Buddhist monasteries needing to disseminate scriptures across vast geographical regions.
1790607796.332	
1790607796.332	The true precursor to modern typography arrived with the invention of movable type in China during the Song Dynasty (960–1279). Initially, these systems utilized ceramic or wooden characters that could be arranged and rearranged like those later used in Europe. While remarkably advanced, early Chinese printing encountered a critical hurdle: the sheer complexity of its script. The thousands upon thousands of unique logograms meant that developing a standardized, durable set of individual type pieces was exponentially more
1790607796.335	[31m[FLM]  Creating checkpoint at context length 542[0m
1790607796.337	[🔵 ]  NPU Lock Released!
1790607796.337	================================================
1790607796.337	[🔒 ]  TCP connection closed - Remote: 127.0.0.1:55050
1790607796.370	[🔗 ]  TCP connection established - Remote: 127.0.0.1:48274
1790607796.370	[TCP]  Read 326 bytes from socket
1790607796.370	================================================
1790607796.370	[⬇️ ]  Incoming Request: POST
1790607796.370	[LOG]  Time stamp: 18:03:16 09:28:2026
1790607796.370	[LOG]  Target: /api/generate
1790607796.370	[LOG]  Version: 11
1790607796.370	[LOG]  Keep-Alive: 1
1790607796.370	[LOG]  Body: 
1790607796.370	{
1790607796.370	    "max_tokens": 512,
1790607796.370	    "model": "gemma4-it:e4b",
1790607796.370	    "options": {
1790607796.370	        "num_predict": 512
1790607796.370	    },
1790607796.370	    "prompt": "Write a detailed essay of at least 2000 words on the history of the printing press.",
1790607796.370	    "stream": false
1790607796.370	}
1790607796.370	[🟢 ]  NPU Locked!
1790607796.370	[FLM]  Start generating...
1790607796.370	[FLM]  Conversation context diverged from cache, clearing context...
1790607796.404	[FLM]  Prefill chunk 1/1 with 30 tokens
1790607798.370	[🔴 ]  Client disconnected; cancelling active request
1790607798.371	[🔗 ]  TCP connection established - Remote: 127.0.0.1:48284
1790607798.371	[TCP]  Read 270 bytes from socket
1790607798.371	================================================
1790607798.371	[⬇️ ]  Incoming Request: POST
1790607798.371	[LOG]  Time stamp: 18:03:18 09:28:2026
1790607798.371	[LOG]  Target: /api/chat
1790607798.371	[LOG]  Version: 11
1790607798.371	[LOG]  Keep-Alive: 1
1790607798.371	[LOG]  Body: 
1790607798.371	{
1790607798.371	    "messages": [
1790607798.371	        {
1790607798.371	            "content": "Say hi.",
1790607798.371	            "role": "user"
1790607798.371	        }
1790607798.371	    ],
1790607798.371	    "model": "gemma4-it:e4b",
1790607798.371	    "options": {
1790607798.371	        "num_predict": 4
1790607798.371	    },
1790607798.371	    "stream": false,
1790607798.371	    "top_k": 1
1790607798.371	}
1790607798.371	[🕒 ]  NPU busy, request queued (1/10): POST /api/chat
1790607798.436	
1790607798.436	[FLM]  Model RAW Output: 
1790607798.436	## The Unfolding Page: A History of the Printing Press and
1790607798.436	[31m[FLM]  Creating checkpoint at context length 42[0m
1790607798.437	[❌ ]  Generation Cancelled!
1790607798.771	[🟡 ]  Dequeuing NPU request (0 remaining)...
1790607798.771	================================================
1790607798.771	[FLM]  Start generating...
1790607798.771	[FLM]  Total images: 0
1790607798.771	[🔒 ]  TCP connection closed - Remote endpoint unavailable
1790607798.771	[FLM]  Conversation context diverged from cache, clearing context...
1790607798.805	[FLM]  Prefill chunk 1/1 with 12 tokens
1790607799.967	[31m[FLM]  Creating checkpoint at context length 12[0m
1790607799.968	[31m[FLM]  Restoring checkpoint at context length 12[0m
1790607800.001	[31m[FLM]  Checkpoint before generation: 12, restore point: 12, user context length: 12[0m
1790607800.292	
1790607800.292	[FLM]  Model RAW Output: 
1790607800.292	Hi! How can I
1790607800.292	[🔵 ]  NPU Lock Released!
1790607800.292	================================================
1790607800.292	[🔒 ]  TCP connection closed - Remote: 127.0.0.1:48284
1790607801.355	[🔗 ]  TCP connection established - Remote: 127.0.0.1:48296
1790607801.355	[TCP]  Read 348 bytes from socket
1790607801.355	================================================
1790607801.355	[⬇️ ]  Incoming Request: POST
1790607801.355	[LOG]  Time stamp: 18:03:21 09:28:2026
1790607801.355	[LOG]  Target: /api/chat
1790607801.355	[LOG]  Version: 11
1790607801.355	[LOG]  Keep-Alive: 1
1790607801.355	[LOG]  Body: 
1790607801.355	{
1790607801.355	    "messages": [
1790607801.355	        {
1790607801.355	            "content": "Write a de...ing press.",
1790607801.355	            "role": "user"
1790607801.355	        }
1790607801.355	    ],
1790607801.355	    "model": "gemma4-it:e4b",
1790607801.355	    "options": {
1790607801.355	        "num_predict": 512
1790607801.355	    },
1790607801.355	    "stream": false,
1790607801.355	    "top_k": 1
1790607801.355	}
1790607801.355	[🟢 ]  NPU Locked!
1790607801.355	[FLM]  Start generating...
1790607801.355	[FLM]  Total images: 0
1790607801.355	[FLM]  Prefill chunk 1/1 with 30 tokens
1790607801.855	[🔗 ]  TCP connection established - Remote: 127.0.0.1:48302
1790607801.855	[TCP]  Read 326 bytes from socket
1790607801.855	================================================
1790607801.855	[⬇️ ]  Incoming Request: POST
1790607801.855	[LOG]  Time stamp: 18:03:21 09:28:2026
1790607801.855	[LOG]  Target: /api/generate
1790607801.855	[LOG]  Version: 11
1790607801.855	[LOG]  Keep-Alive: 1
1790607801.855	[LOG]  Body: 
1790607801.855	{
1790607801.855	    "max_tokens": 512,
1790607801.855	    "model": "gemma4-it:e4b",
1790607801.855	    "options": {
1790607801.855	        "num_predict": 512
1790607801.855	    },
1790607801.855	    "prompt": "Write a detailed essay of at least 2000 words on the history of the printing press.",
1790607801.855	    "stream": false
1790607801.855	}
1790607801.855	[🕒 ]  NPU busy, request queued (1/10): POST /api/generate
1790607802.155	[🔗 ]  TCP connection established - Remote: 127.0.0.1:53506
1790607802.155	[TCP]  Read 270 bytes from socket
1790607802.155	================================================
1790607802.155	[⬇️ ]  Incoming Request: POST
1790607802.155	[LOG]  Time stamp: 18:03:22 09:28:2026
1790607802.155	[LOG]  Target: /api/chat
1790607802.155	[LOG]  Version: 11
1790607802.155	[LOG]  Keep-Alive: 1
1790607802.155	[LOG]  Body: 
1790607802.156	{
1790607802.156	    "messages": [
1790607802.156	        {
1790607802.156	            "content": "Say hi.",
1790607802.156	            "role": "user"
1790607802.156	        }
1790607802.156	    ],
1790607802.156	    "model": "gemma4-it:e4b",
1790607802.156	    "options": {
1790607802.156	        "num_predict": 4
1790607802.156	    },
1790607802.156	    "stream": false,
1790607802.156	    "top_k": 1
1790607802.156	}
1790607802.156	[🕒 ]  NPU busy, request queued (2/10): POST /api/chat
1790607802.546	[31m[FLM]  Creating checkpoint at context length 30[0m
1790607802.548	[31m[FLM]  Restoring checkpoint at context length 30[0m
1790607802.582	[31m[FLM]  Checkpoint before generation: 30, restore point: 30, user context length: 30[0m
1790607841.414	
1790607841.414	[FLM]  Model RAW Output: 
1790607841.414	## The Unfolding Page: A History of the Printing Press and the Transformation of Human Civilization
1790607841.414	
1790607841.414	The history of human civilization is inextricably linked to the ability to store, disseminate, and share knowledge. Before the advent of mechanical reproduction, information was a painstakingly crafted artifact—a manuscript laboriously copied by scribes in monasteries or scriptoriums. Books were luxuries, repositories of elite learning, accessible only to the wealthy and the powerful. The slow drip-feed of human thought across generations was governed by the speed and endurance of the human hand. This paradigm, however, was destined for a seismic shift.
1790607841.414	
1790607841.414	The invention and subsequent evolution of the printing press did not merely improve efficiency; it fundamentally rewired the cognitive, social, political, and economic structures of human society. It democratized knowledge, fueled revolutions in science and religion, standardized languages, accelerated globalization (in its nascent form), and laid the groundwork for modern mass media. The story of the printing press is not just a technological narrative; it is a grand epic about the acceleration of consciousness itself—the moment humanity gained an unprecedented tool for self-education and collective transformation.
1790607841.414	
1790607841.414	To trace this history is to chart a course from ancient, rudimentary methods to Gutenberg’s revolutionary innovation, through the industrialization of print, and into the digital age that has ultimately superseded it while remaining indebted to its legacy. This essay will explore this trajectory in detail, examining the pre-print technologies, the pivotal moment of movable type in Europe, its subsequent global adaptations and industrial scaling, and finally, its enduring philosophical impact on modernity.
1790607841.414	
1790607841.414	### I. The Dawn of Reproduction: Precursors to Print (Antiquity to Medieval Period)
1790607841.414	
1790607841.414	Before Johannes Gutenberg perfected his system around 1450, the concept of mass textual reproduction existed in various forms across different cultures. These early methods were characterized by manual labor or rudimentary mechanical aids, but they established the fundamental human desire for reproducible text.
1790607841.414	
1790607841.414	In ancient Mesopotamia and Egypt, scribes employed papyrus and clay tablets. While these were not "printing" in the modern sense—they involved inscription rather than mass duplication—they represented the earliest attempts to standardize record-keeping and knowledge preservation outside of oral tradition. The development of cuneiform and hieroglyphs established complex systems of symbolic representation that demanded efficient methods for their transmission.
1790607841.414	
1790607841.414	The most significant early technological leap, however, came from East Asia. China developed woodblock printing centuries before Europe conceived of movable type. During the Tang Dynasty (7th–10th centuries CE), artisans began carving entire pages onto
1790607841.747	[🟡 ]  Dequeuing NPU request (1 remaining)...
1790607841.747	[FLM]  Start generating...
1790607841.747	[🔴 ]  Client disconnected; cancelling active request
1790607841.747	[FLM]  Prefill chunk 1/1 with 30 tokens
1790607841.782	================================================
1790607841.782	[🔒 ]  TCP connection closed - Remote: 127.0.0.1:48296
1790607881.239	
1790607881.239	[FLM]  Model RAW Output: 
1790607881.239	## The Unfolding Page: A History of the Printing Press and the Transformation of Human Civilization
1790607881.239	
1790607881.239	The history of human civilization is inextricably linked to the ability to store, disseminate, and share knowledge. Before the advent of mechanical reproduction, information was a painstakingly crafted artifact—a manuscript laboriously copied by scribes in monasteries or scriptoriums. Books were luxuries, repositories of elite learning, accessible only to the wealthy and the powerful. The slow drip-feed of human thought across generations was governed by the speed and endurance of the human hand. This paradigm, however, was destined for a seismic shift.
1790607881.239	
1790607881.239	The invention and subsequent evolution of the printing press did not merely improve efficiency; it fundamentally rewired the cognitive, social, political, and economic structures of human society. It democratized knowledge, fueled revolutions in science and religion, standardized languages, accelerated globalization (in its nascent form), and laid the groundwork for modern mass media. The story of the printing press is not just a technological narrative; it is a grand epic about the acceleration of consciousness itself—the moment humanity gained an unprecedented tool for self-education and collective transformation.
1790607881.239	
1790607881.239	To trace this history is to chart a course from ancient, rudimentary methods to Gutenberg’s revolutionary innovation, through the industrialization of print, and into the digital age that has ultimately superseded it while remaining indebted to its legacy. This essay will explore this trajectory in detail, examining the pre-print technologies, the pivotal moment of movable type in Europe, its subsequent global adaptations and industrial scaling, and finally, its enduring philosophical impact on modernity.
1790607881.239	
1790607881.239	### I. The Dawn of Reproduction: Precursors to Print (Antiquity to Medieval Period)
1790607881.239	
1790607881.239	Before Johannes Gutenberg perfected his system around 1450, the concept of mass textual reproduction existed in various forms across different cultures. These early methods were characterized by manual labor or rudimentary mechanical aids, but they established the fundamental human desire for reproducible text.
1790607881.239	
1790607881.239	In ancient Mesopotamia and Egypt, scribes employed papyrus and clay tablets. While these were not "printing" in the modern sense—they involved inscription rather than mass duplication—they represented the earliest attempts to standardize record-keeping and knowledge preservation outside of oral tradition. The development of cuneiform and hieroglyphs established complex systems of symbolic representation that demanded efficient methods for their transmission.
1790607881.239	
1790607881.239	The most significant early technological leap, however, came from East Asia. China developed woodblock printing centuries before Europe conceived of movable type. During the Tang Dynasty (7th–10th centuries CE), artisans began carving entire pages onto
1790607881.239	[31m[FLM]  Creating checkpoint at context length 542[0m
1790607881.574	[🟡 ]  Dequeuing NPU request (0 remaining)...
1790607881.574	================================================
1790607881.574	[FLM]  Start generating...
1790607881.574	[FLM]  Total images: 0
1790607881.574	[🔒 ]  TCP connection closed - Remote endpoint unavailable
1790607881.574	[FLM]  Conversation context diverged from cache, clearing context...
1790607881.608	[FLM]  Prefill chunk 1/1 with 12 tokens
1790607882.782	[31m[FLM]  Creating checkpoint at context length 12[0m
1790607882.784	[31m[FLM]  Restoring checkpoint at context length 12[0m
1790607882.817	[31m[FLM]  Checkpoint before generation: 12, restore point: 12, user context length: 12[0m
1790607883.102	
1790607883.102	[FLM]  Model RAW Output: 
1790607883.102	Hi! How can I
1790607883.102	[🔵 ]  NPU Lock Released!
1790607883.102	================================================
1790607883.102	[🔒 ]  TCP connection closed - Remote: 127.0.0.1:53506
