[32m[FLM]  Embedding mode enabled: reserving additional 300MB of memory[0m
[FLM]  Using user-specified port: 58601
[FLM]  Loading model: /home/noams/.config/flm/models/Embedding-Gemma-300M-NPU2
[FLM]  Starting server on port 58601...
[🔗 ]  TCP connection established - Remote: 127.0.0.1:54780
[FLM]  WebServer started on port 58601 with 10 I/O threads
[FLM]  Press Ctrl+C to stop.
[TCP]  Read 90 bytes from socket
================================================
[⬇️ ]  Incoming Request: GET
[LOG]  Time stamp: 13:35:41 09:28:2026
[LOG]  Target: /api/version
[LOG]  Version: 11
[LOG]  Keep-Alive: 1
================================================
[🔒 ]  TCP connection closed - Remote: 127.0.0.1:54780
[🔗 ]  TCP connection established - Remote: 127.0.0.1:54788
[TCP]  Read 85 bytes from socket
================================================
[⬇️ ]  Incoming Request: GET
[LOG]  Time stamp: 13:35:41 09:28:2026
[LOG]  Target: /api/ps
[LOG]  Version: 11
[LOG]  Keep-Alive: 1
================================================
[🔒 ]  TCP connection closed - Remote: 127.0.0.1:54788
[🔗 ]  TCP connection established - Remote: 127.0.0.1:54792
[TCP]  Read 85 bytes from socket
================================================
[⬇️ ]  Incoming Request: GET
[LOG]  Time stamp: 13:35:41 09:28:2026
[LOG]  Target: /api/ps
[LOG]  Version: 11
[LOG]  Keep-Alive: 1
================================================
[🔒 ]  TCP connection closed - Remote: 127.0.0.1:54792
