[FLM]  Using user-specified port: 58601
[FLM]  Starting server on port 58601...
[FLM]  WebServer started on port 58601 with 10 I/O threads
[FLM]  Press Ctrl+C to stop.
[🔗 ]  TCP connection established - Remote: 127.0.0.1:37542
[TCP]  Read 90 bytes from socket
================================================
[⬇️ ]  Incoming Request: GET
[LOG]  Time stamp: 13:23:49 09:28:2026
[LOG]  Target: /api/version
[LOG]  Version: 11
[LOG]  Keep-Alive: 1
================================================
[🔒 ]  TCP connection closed - Remote: 127.0.0.1:37542
[🔗 ]  TCP connection established - Remote: 127.0.0.1:37546
[TCP]  Read 85 bytes from socket
================================================
[⬇️ ]  Incoming Request: GET
[LOG]  Time stamp: 13:23:49 09:28:2026
[LOG]  Target: /api/ps
[LOG]  Version: 11
[LOG]  Keep-Alive: 1
================================================
[🔒 ]  TCP connection closed - Remote: 127.0.0.1:37546
[🔗 ]  TCP connection established - Remote: 127.0.0.1:37552
[TCP]  Read 85 bytes from socket
================================================
[⬇️ ]  Incoming Request: GET
[LOG]  Time stamp: 13:23:49 09:28:2026
[LOG]  Target: /api/ps
[LOG]  Version: 11
[LOG]  Keep-Alive: 1
================================================
[🔒 ]  TCP connection closed - Remote: 127.0.0.1:37552
