  qkv@b4: purged 1 cache candidate(s)
  b4    qkv           [256, 384, 1152] -> f97a25f2b43a7dc0dbfa8d01
  attn_out@b4: purged 1 cache candidate(s)
  b4    attn_out       [256, 384, 384] -> 3a7d825f0b7a20728bbbdfc9
  ffn_up@b4: purged 1 cache candidate(s)
  b4    ffn_up        [256, 384, 1536] -> 48b9b2a6fb2f4367cd156bd1
  ffn_down@b4: purged 1 cache candidate(s)
  b4    ffn_down      [256, 1536, 384] -> 3ee5358c39510403fc3c8708
  b16   qkv          [1024, 384, 1152] -> 0149c7e321b5855c23eb71c5
  b16   attn_out      [1024, 384, 384] -> 867271689d01263d63926759
  b16   ffn_up       [1024, 384, 1536] -> a11ac2eb68479b549ac91406
  b16   ffn_down     [1024, 1536, 384] -> 1a7b8790b60709fdcf1dfb1a
  b32   qkv          [2048, 384, 1152] -> cac6b982533a4669e2b1c0ae
  b32   attn_out      [2048, 384, 384] -> 8884bbf93d3eb4a7dddd67da
  b32   ffn_up       [2048, 384, 1536] -> 976ea4c5dbcc3a2ad89ba8db
  b32   ffn_down     [2048, 1536, 384] -> 87c84773f26674d96f2d3ff7
  b128  qkv          [8192, 384, 1152] -> 7e24109d50f1d1d035eedb25
  b128  attn_out      [8192, 384, 384] -> 1c82e5f928e01fba2ccf2332
  b128  ffn_up       [8192, 384, 1536] -> af31925b4ffc62d64ff5a48e
  b128  ffn_down     [8192, 1536, 384] -> bcf9443d2be49ffc0740e54f
  identity qkv@b128 vs qkv@b4    69 differing bytes in 9 runs, longest 21 B  OK
  identity qkv@b128 vs attn_out@b4    75 differing bytes in 10 runs, longest 21 B  OK
  identity qkv@b128 vs ffn_up@b4    69 differing bytes in 8 runs, longest 27 B  OK
  identity qkv@b128 vs ffn_down@b4    69 differing bytes in 9 runs, longest 17 B  OK
  identity qkv@b128 vs qkv@b16   70 differing bytes in 7 runs, longest 32 B  OK
  identity qkv@b128 vs attn_out@b16   74 differing bytes in 11 runs, longest 23 B  OK
  identity qkv@b128 vs ffn_up@b16   73 differing bytes in 11 runs, longest 17 B  OK
  identity qkv@b128 vs ffn_down@b16   67 differing bytes in 12 runs, longest 16 B  OK
  identity qkv@b128 vs qkv@b32   73 differing bytes in 10 runs, longest 16 B  OK
  identity qkv@b128 vs attn_out@b32   72 differing bytes in 11 runs, longest 18 B  OK
  identity qkv@b128 vs ffn_up@b32   75 differing bytes in 9 runs, longest 32 B  OK
  identity qkv@b128 vs ffn_down@b32   74 differing bytes in 9 runs, longest 32 B  OK
  identity qkv@b128 vs attn_out@b128  67 differing bytes in 9 runs, longest 24 B  OK
  identity qkv@b128 vs ffn_up@b128  66 differing bytes in 8 runs, longest 26 B  OK
  identity qkv@b128 vs ffn_down@b128  69 differing bytes in 8 runs, longest 30 B  OK
  toolchain  mlir_aie 1.4.2, peano 21.0.0.2026080301+c9c5ecb7, mlir-aie HEAD unavailable

  wrote $SCRATCH/scratchpad/oflm-work/OpenFlowLM-Next/out/full-family/BERT-h384-bfp16/gemm_rtp -- ONE xclbin, 16 streams (4 shapes x 4 batch tiers)
ok       BERT-h384-bfp16
MISSING  BERT-h384-bf16: not built ($SCRATCH/scratchpad/oflm-work/OpenFlowLM-Next/out/full-family/BERT-h384-bf16/gemm_rtp/design.json)
MISSING  BERT-h768-bfp16: not built ($SCRATCH/scratchpad/oflm-work/OpenFlowLM-Next/out/full-family/BERT-h768-bfp16/gemm_rtp/design.json)
MISSING  BERT-h768-gated-bfp16: not built ($SCRATCH/scratchpad/oflm-work/OpenFlowLM-Next/out/full-family/BERT-h768-gated-bfp16/gemm_rtp/design.json)
MISSING  BERT-h1024-bfp16: not built ($SCRATCH/scratchpad/oflm-work/OpenFlowLM-Next/out/full-family/BERT-h1024-bfp16/gemm_rtp/design.json)

4 families disagree with families.json.
Either the set is stale -- rebuild it with build.ps1 -Force -- or families.json is wrong, in which case fix it there and nowhere else: it is the only place these flags are written down.
